13:51:04 **** Incremental Build of configuration Debug for project axi_c ****
make all 
make --no-print-directory pre-build
a9-linaro-pre-build-step
' '
make --no-print-directory main-build
'Building file: ../src/helloworld.c'
'Invoking: ARM v7 gcc compiler'
arm-none-eabi-gcc -Wall -O0 -g3 -c -fmessage-length=0 -MT"src/helloworld.o" -mcpu=cortex-a9 -mfpu=vfpv3 -mfloat-abi=hard -IC:/Vivado_Projects/AXI_COLIB/axi_colib/export/axi_colib/sw/axi_colib/standalone_domain/bspinclude/include -MMD -MP -MF"src/helloworld.d" -MT"src/helloworld.o" -o "src/helloworld.o" "../src/helloworld.c"
'Finished building: ../src/helloworld.c'
' '
'Building target: axi_c.elf'
'Invoking: ARM v7 gcc linker'
arm-none-eabi-gcc -mcpu=cortex-a9 -mfpu=vfpv3 -mfloat-abi=hard -Wl,-build-id=none -specs=Xilinx.spec -Wl,-T -Wl,../src/lscript.ld -LC:/Vivado_Projects/AXI_COLIB/axi_colib/export/axi_colib/sw/axi_colib/standalone_domain/bsplib/lib -o "axi_c.elf"  ./src/helloworld.o ./src/platform.o   -Wl,--start-group,-lxil,-lgcc,-lc,--end-group
'Finished building target: axi_c.elf'
' '
'Invoking: ARM v7 Print Size'
arm-none-eabi-size axi_c.elf  |tee "axi_c.elf.size"
   text	   data	    bss	    dec	    hex	filename
  24129	   1144	  22568	  47841	   bae1	axi_c.elf
'Finished building: axi_c.elf.size'
' '

13:51:05 Build Finished (took 741ms)

